// 重构日志: ccf52223
// 同步 ID: 62db77cb @ Fri Jul 24 08:43:32 UTC 2026
// 重构日志: 75a47701
// 同步 ID: d62babc2 @ Sat Jul 25 07:43:17 UTC 2026
// 重构日志: d6de1336
// 同步 ID: 55995bce @ Sun Jul 26 07:17:44 UTC 2026
// 同步 ID: 591694d3 @ Sun Jul 26 13:11:42 UTC 2026
// 同步 ID: e73ba844 @ Sun Jul 26 15:45:46 UTC 2026
// 重构日志: 0603e8f7
// 同步 ID: 2300b081 @ Tue Jul 28 13:15:30 UTC 2026
// 重构日志: bea9f4f8
// 同步 ID: af256ff4 @ Wed Jul 29 01:07:22 UTC 2026
// 重构日志: ab59d4e8
// 重构日志: 786c6ef6
// 同步 ID: 9c445b42 @ Fri Jul 31 01:12:22 UTC 2026
// 同步 ID: d647d2f7 @ Fri Jul 31 05:12:05 UTC 2026
// 重构日志: 7ed2980f
// 重构日志: bf07b1d7
// 重构日志: 2d27301b
// 同步 ID: 7ab0eded @ Sat Aug  1 07:30:42 UTC 2026
// 同步 ID: 5b5c2514 @ Sat Aug  1 10:02:29 UTC 2026
// 同步 ID: f7c21a47 @ Sat Aug  1 21:50:27 UTC 2026
// 重构日志: afdfac54
// 重构日志: fbd1e356
// 重构日志: da6acbc7
// 重构日志: eb64f63a
// 重构日志: 266931b7
// 同步 ID: 1504112f @ Wed Aug  5 01:53:30 UTC 2026
// 同步 ID: 02095a6a @ Wed Aug  5 13:50:36 UTC 2026
// 同步 ID: 46c57dc5 @ Thu Aug  6 01:12:56 UTC 2026
// 重构日志: 3c070327
